// Jest Snapshot v1, https://goo.gl/fbAQLP

exports[`Welcome Component renders correctly 1`] = `
<div
  className="welcome"
>
  <div
    className="ui inverted menu"
  >
    <a
      className="right item"
      href="http://github.com/jtynerbryan"
      onClick={[Function]}
      target="_blank"
    >
      GitHub
    </a>
  </div>
  <div
    id="welcome-header"
  >
    <h1
      id="welcome-h1"
    >
      Slam Dunk
    </h1>
    <h2
      id="welcome-h2"
    >
      The latest highlights from across the NBA
    </h2>
    <br />
  </div>
</div>
`;
